global_vars:
  - name: "name"
    type: "dummy"
    params:
      echo: "John"

matches:
  - name: ":hi"
    trigger: "Hello"
  
  - name: ":greet"
    trigger: "Hi {{name}}"