matches:
  - trigger: "hello"
    replace: "world"