filter_exec: "Executable"

extra_includes:
  - "../match/_extended.yml"