filter_class: "Standalone"

includes:
  - "../match/_standalone.yml"