matches:
  - name: ":hi"
    trigger: "Hello"
  
  - name: ":greet"
    trigger: "Hi {{name}}"