matches:
  - trigger: "custom"
    replace: "match"