matches:
  - trigger: "package_foo"
    replace: "package_bar"