toggle_interval: 500
toggle_key: "RIGHT_CTRL"

preserve_clipboard: false

backspace_limit: 5

inject_delay: 10
restore_clipboard_delay: 400
key_delay: 300

secure_input_notification: false

show_notifications: false
show_icon: false

auto_restart: false
undo_backspace: false

disable_x11_fast_inject: true

paste_shortcut: "CTRL+ALT+V"

backend: Clipboard

word_separators: ['.']